New https://pypi.org/project/ultralytics/8.3.76 available 😃 Update with 'pip install -U ultralytics'
Ultralytics 8.3.75 🚀 Python-3.12.4 torch-2.6.0+cu124 CUDA:0 (Quadro RTX 6000, 24026MiB)
[34m[1mengine/trainer: [0mtask=detect, mode=train, model=yolo11n.pt, data=yolo11n/datasets/merged_data.yaml, epochs=50, time=None, patience=100, batch=16, imgsz=640, save=True, save_period=-1, cache=False, device=None, workers=8, project=None, name=train6, exist_ok=False, pretrained=True, optimizer=auto, verbose=True, seed=0, deterministic=True, single_cls=False, rect=False, cos_lr=False, close_mosaic=10, resume=False, amp=True, fraction=1.0, profile=False, freeze=None, multi_scale=False, overlap_mask=True, mask_ratio=4, dropout=0.0, val=True, split=val, save_json=False, save_hybrid=False, conf=None, iou=0.7, max_det=300, half=False, dnn=False, plots=True, source=None, vid_stride=1, stream_buffer=False, visualize=False, augment=False, agnostic_nms=False, classes=None, retina_masks=False, embed=None, show=False, save_frames=False, save_txt=False, save_conf=False, save_crop=False, show_labels=True, show_conf=True, show_boxes=True, line_width=None, format=torchscript, keras=False, optimize=False, int8=False, dynamic=False, simplify=True, opset=None, workspace=None, nms=False, lr0=0.01, lrf=0.01, momentum=0.937, weight_decay=0.0005, warmup_epochs=3.0, warmup_momentum=0.8, warmup_bias_lr=0.1, box=7.5, cls=0.5, dfl=1.5, pose=12.0, kobj=1.0, nbs=64, hsv_h=0.015, hsv_s=0.7, hsv_v=0.4, degrees=0.0, translate=0.1, scale=0.5, shear=0.0, perspective=0.0, flipud=0.0, fliplr=0.5, bgr=0.0, mosaic=1.0, mixup=0.0, copy_paste=0.0, copy_paste_mode=flip, auto_augment=randaugment, erasing=0.4, crop_fraction=1.0, cfg=None, tracker=botsort.yaml, save_dir=runs/detect/train6
Overriding model.yaml nc=80 with nc=81

                   from  n    params  module                                       arguments                     
  0                  -1  1       464  ultralytics.nn.modules.conv.Conv             [3, 16, 3, 2]                 
  1                  -1  1      4672  ultralytics.nn.modules.conv.Conv             [16, 32, 3, 2]                
  2                  -1  1      6640  ultralytics.nn.modules.block.C3k2            [32, 64, 1, False, 0.25]      
  3                  -1  1     36992  ultralytics.nn.modules.conv.Conv             [64, 64, 3, 2]                
  4                  -1  1     26080  ultralytics.nn.modules.block.C3k2            [64, 128, 1, False, 0.25]     
  5                  -1  1    147712  ultralytics.nn.modules.conv.Conv             [128, 128, 3, 2]              
  6                  -1  1     87040  ultralytics.nn.modules.block.C3k2            [128, 128, 1, True]           
  7                  -1  1    295424  ultralytics.nn.modules.conv.Conv             [128, 256, 3, 2]              
  8                  -1  1    346112  ultralytics.nn.modules.block.C3k2            [256, 256, 1, True]           
  9                  -1  1    164608  ultralytics.nn.modules.block.SPPF            [256, 256, 5]                 
 10                  -1  1    249728  ultralytics.nn.modules.block.C2PSA           [256, 256, 1]                 
 11                  -1  1         0  torch.nn.modules.upsampling.Upsample         [None, 2, 'nearest']          
 12             [-1, 6]  1         0  ultralytics.nn.modules.conv.Concat           [1]                           
 13                  -1  1    111296  ultralytics.nn.modules.block.C3k2            [384, 128, 1, False]          
 14                  -1  1         0  torch.nn.modules.upsampling.Upsample         [None, 2, 'nearest']          
 15             [-1, 4]  1         0  ultralytics.nn.modules.conv.Concat           [1]                           
 16                  -1  1     32096  ultralytics.nn.modules.block.C3k2            [256, 64, 1, False]           
 17                  -1  1     36992  ultralytics.nn.modules.conv.Conv             [64, 64, 3, 2]                
 18            [-1, 13]  1         0  ultralytics.nn.modules.conv.Concat           [1]                           
 19                  -1  1     86720  ultralytics.nn.modules.block.C3k2            [192, 128, 1, False]          
 20                  -1  1    147712  ultralytics.nn.modules.conv.Conv             [128, 128, 3, 2]              
 21            [-1, 10]  1         0  ultralytics.nn.modules.conv.Concat           [1]                           
 22                  -1  1    378880  ultralytics.nn.modules.block.C3k2            [384, 256, 1, True]           
 23        [16, 19, 22]  1    466374  ultralytics.nn.modules.head.Detect           [81, [64, 128, 256]]          
YOLO11n summary: 319 layers, 2,625,542 parameters, 2,625,526 gradients, 6.6 GFLOPs

Transferred 448/499 items from pretrained weights
Freezing layer 'model.23.dfl.conv.weight'
[34m[1mAMP: [0mrunning Automatic Mixed Precision (AMP) checks...
[34m[1mAMP: [0mchecks passed ✅
[34m[1mtrain: [0mWARNING ⚠️ /mmfs1/gscratch/krishna/zylim/echovision/yolo11n/datasets/coco/train/images/000000214087.jpg: 1 duplicate labels removed
Plotting labels to runs/detect/train6/labels.jpg... 
[34m[1moptimizer:[0m 'optimizer=auto' found, ignoring 'lr0=0.01' and 'momentum=0.937' and determining best 'optimizer', 'lr0' and 'momentum' automatically... 
[34m[1moptimizer:[0m AdamW(lr=0.000118, momentum=0.9) with parameter groups 81 weight(decay=0.0), 88 weight(decay=0.0005), 87 bias(decay=0.0)
Image sizes 640 train, 640 val
Using 8 dataloader workers
Logging results to [1mruns/detect/train6[0m
Starting training for 50 epochs...

      Epoch    GPU_mem   box_loss   cls_loss   dfl_loss  Instances       Size
                   all       1722      14863      0.394      0.055     0.0746      0.057

      Epoch    GPU_mem   box_loss   cls_loss   dfl_loss  Instances       Size
                   all       1722      14863      0.513      0.266      0.264      0.189

      Epoch    GPU_mem   box_loss   cls_loss   dfl_loss  Instances       Size
                   all       1722      14863       0.55      0.351      0.366      0.254

      Epoch    GPU_mem   box_loss   cls_loss   dfl_loss  Instances       Size
                   all       1722      14863       0.58      0.398      0.407      0.276

      Epoch    GPU_mem   box_loss   cls_loss   dfl_loss  Instances       Size
                   all       1722      14863      0.573       0.41      0.427       0.29

      Epoch    GPU_mem   box_loss   cls_loss   dfl_loss  Instances       Size
                   all       1722      14863      0.564      0.416      0.437      0.299

      Epoch    GPU_mem   box_loss   cls_loss   dfl_loss  Instances       Size
                   all       1722      14863      0.575      0.425      0.442      0.301

      Epoch    GPU_mem   box_loss   cls_loss   dfl_loss  Instances       Size
                   all       1722      14863      0.566      0.437      0.456      0.313

      Epoch    GPU_mem   box_loss   cls_loss   dfl_loss  Instances       Size
                   all       1722      14863      0.605      0.428      0.465      0.317

      Epoch    GPU_mem   box_loss   cls_loss   dfl_loss  Instances       Size
                   all       1722      14863      0.564      0.442      0.465       0.32

      Epoch    GPU_mem   box_loss   cls_loss   dfl_loss  Instances       Size
                   all       1722      14863       0.58      0.447      0.469      0.321

      Epoch    GPU_mem   box_loss   cls_loss   dfl_loss  Instances       Size
                   all       1722      14863      0.564      0.452      0.471      0.324

      Epoch    GPU_mem   box_loss   cls_loss   dfl_loss  Instances       Size
                   all       1722      14863      0.591      0.447      0.478       0.33

      Epoch    GPU_mem   box_loss   cls_loss   dfl_loss  Instances       Size
                   all       1722      14863      0.567      0.452      0.476      0.326

      Epoch    GPU_mem   box_loss   cls_loss   dfl_loss  Instances       Size
                   all       1722      14863      0.581      0.461      0.476      0.325

      Epoch    GPU_mem   box_loss   cls_loss   dfl_loss  Instances       Size
                   all       1722      14863      0.595      0.454      0.478      0.326

      Epoch    GPU_mem   box_loss   cls_loss   dfl_loss  Instances       Size
                   all       1722      14863      0.597      0.462      0.484      0.331

      Epoch    GPU_mem   box_loss   cls_loss   dfl_loss  Instances       Size
                   all       1722      14863      0.574      0.463      0.485      0.333

      Epoch    GPU_mem   box_loss   cls_loss   dfl_loss  Instances       Size
                   all       1722      14863      0.573      0.477       0.49      0.335

      Epoch    GPU_mem   box_loss   cls_loss   dfl_loss  Instances       Size
                   all       1722      14863      0.609      0.458      0.491      0.337

      Epoch    GPU_mem   box_loss   cls_loss   dfl_loss  Instances       Size
                   all       1722      14863      0.611      0.455      0.489      0.338

      Epoch    GPU_mem   box_loss   cls_loss   dfl_loss  Instances       Size
                   all       1722      14863      0.598      0.457      0.489      0.338

      Epoch    GPU_mem   box_loss   cls_loss   dfl_loss  Instances       Size
                   all       1722      14863       0.61      0.458       0.49      0.338

      Epoch    GPU_mem   box_loss   cls_loss   dfl_loss  Instances       Size
                   all       1722      14863      0.583      0.468      0.493      0.339

      Epoch    GPU_mem   box_loss   cls_loss   dfl_loss  Instances       Size
                   all       1722      14863      0.604      0.468      0.498      0.343

      Epoch    GPU_mem   box_loss   cls_loss   dfl_loss  Instances       Size
                   all       1722      14863       0.61       0.46      0.497      0.342

      Epoch    GPU_mem   box_loss   cls_loss   dfl_loss  Instances       Size
                   all       1722      14863      0.609       0.46      0.496      0.342

      Epoch    GPU_mem   box_loss   cls_loss   dfl_loss  Instances       Size
                   all       1722      14863      0.605      0.472      0.502      0.346

      Epoch    GPU_mem   box_loss   cls_loss   dfl_loss  Instances       Size
                   all       1722      14863      0.601      0.477      0.501      0.346

      Epoch    GPU_mem   box_loss   cls_loss   dfl_loss  Instances       Size
                   all       1722      14863      0.596      0.474      0.504      0.347

      Epoch    GPU_mem   box_loss   cls_loss   dfl_loss  Instances       Size
                   all       1722      14863      0.589       0.48      0.504      0.348

      Epoch    GPU_mem   box_loss   cls_loss   dfl_loss  Instances       Size
                   all       1722      14863      0.609      0.472      0.504      0.348

      Epoch    GPU_mem   box_loss   cls_loss   dfl_loss  Instances       Size
                   all       1722      14863      0.629      0.466      0.508      0.351

      Epoch    GPU_mem   box_loss   cls_loss   dfl_loss  Instances       Size
                   all       1722      14863      0.602      0.474      0.504      0.348

      Epoch    GPU_mem   box_loss   cls_loss   dfl_loss  Instances       Size
                   all       1722      14863      0.616      0.465      0.504      0.349

      Epoch    GPU_mem   box_loss   cls_loss   dfl_loss  Instances       Size
                   all       1722      14863       0.61      0.474      0.506       0.35

      Epoch    GPU_mem   box_loss   cls_loss   dfl_loss  Instances       Size
                   all       1722      14863      0.619      0.474      0.511      0.355

      Epoch    GPU_mem   box_loss   cls_loss   dfl_loss  Instances       Size
                   all       1722      14863      0.624      0.472      0.511      0.352

      Epoch    GPU_mem   box_loss   cls_loss   dfl_loss  Instances       Size
                   all       1722      14863      0.614       0.48      0.512      0.356

      Epoch    GPU_mem   box_loss   cls_loss   dfl_loss  Instances       Size
                   all       1722      14863      0.624      0.473       0.51      0.355
Closing dataloader mosaic

      Epoch    GPU_mem   box_loss   cls_loss   dfl_loss  Instances       Size
                   all       1722      14863      0.612      0.458      0.494      0.341

      Epoch    GPU_mem   box_loss   cls_loss   dfl_loss  Instances       Size
                   all       1722      14863      0.602      0.466      0.498      0.345

      Epoch    GPU_mem   box_loss   cls_loss   dfl_loss  Instances       Size
                   all       1722      14863      0.598      0.469        0.5      0.346

      Epoch    GPU_mem   box_loss   cls_loss   dfl_loss  Instances       Size
                   all       1722      14863      0.611      0.467      0.503      0.349

      Epoch    GPU_mem   box_loss   cls_loss   dfl_loss  Instances       Size
                   all       1722      14863      0.608      0.468      0.502      0.349

      Epoch    GPU_mem   box_loss   cls_loss   dfl_loss  Instances       Size
                   all       1722      14863      0.609      0.472      0.505       0.35

      Epoch    GPU_mem   box_loss   cls_loss   dfl_loss  Instances       Size
                   all       1722      14863      0.606      0.473      0.504       0.35

      Epoch    GPU_mem   box_loss   cls_loss   dfl_loss  Instances       Size
                   all       1722      14863      0.617      0.467      0.503       0.35

      Epoch    GPU_mem   box_loss   cls_loss   dfl_loss  Instances       Size
                   all       1722      14863      0.614      0.473      0.505      0.351

      Epoch    GPU_mem   box_loss   cls_loss   dfl_loss  Instances       Size
                   all       1722      14863      0.612       0.47      0.506      0.351

50 epochs completed in 0.756 hours.
Optimizer stripped from runs/detect/train6/weights/last.pt, 5.5MB
Optimizer stripped from runs/detect/train6/weights/best.pt, 5.5MB

Validating runs/detect/train6/weights/best.pt...
Ultralytics 8.3.75 🚀 Python-3.12.4 torch-2.6.0+cu124 CUDA:0 (Quadro RTX 6000, 24026MiB)
YOLO11n summary (fused): 238 layers, 2,617,701 parameters, 0 gradients, 6.5 GFLOPs
                   all       1722      14863      0.617      0.479      0.512      0.356
                person        938       3606      0.772      0.668      0.743      0.503
               bicycle         59        115      0.524       0.42      0.459      0.283
                   car        164        566      0.617      0.548       0.56      0.357
            motorcycle         51        135       0.62      0.548      0.604      0.336
              airplane         24         53      0.807      0.474      0.604       0.42
                   bus         49         75      0.576      0.533       0.53      0.442
                 train         34         43      0.801      0.654       0.75      0.534
                 truck         74        132      0.592      0.461      0.535      0.375
                  boat         47        177      0.467      0.345      0.308      0.148
         traffic light         52        182      0.518      0.297       0.35      0.193
          fire hydrant         31         31      0.923      0.645      0.718      0.481
             stop sign         29         35      0.802      0.462      0.564      0.513
         parking meter         26         58      0.703      0.489      0.487      0.338
                 bench         74        126      0.411      0.222      0.189      0.119
                  bird         44        137      0.383      0.227       0.23      0.131
                   cat         51         62      0.777      0.645      0.722      0.542
                   dog         75         88      0.692       0.58      0.658      0.505
                 horse         37         69      0.709      0.754      0.783      0.593
                 sheep         26        145      0.637        0.6      0.619      0.412
                   cow         27        101      0.712      0.711       0.71      0.497
              elephant         27         96      0.642      0.677      0.722      0.491
                  bear         20         36      0.908      0.824      0.847      0.694
                 zebra         25         62       0.84      0.903      0.919      0.666
               giraffe         25         52      0.772      0.827      0.879      0.746
              backpack        100        139      0.522      0.223       0.25      0.154
              umbrella         56        162      0.625      0.452      0.491      0.279
               handbag        111        202      0.355      0.134      0.142     0.0883
                   tie         41         53      0.623      0.377      0.389       0.23
              suitcase         35         70      0.492      0.614      0.559      0.374
               frisbee         31         36      0.762      0.694       0.71      0.542
                  skis         29         52      0.467      0.462      0.433      0.248
             snowboard         25         37      0.574      0.509       0.54       0.35
           sports ball         60         94      0.708      0.255      0.346      0.231
                  kite         26         89      0.558       0.54      0.483      0.326
          baseball bat         39         46      0.788        0.5      0.516      0.308
        baseball glove         44         61      0.697      0.508      0.557       0.36
            skateboard         29         52      0.737      0.519      0.593      0.399
             surfboard         24         49      0.696      0.421      0.447      0.276
         tennis racket         38         47      0.869      0.707      0.736      0.451
                bottle        220        709      0.633      0.395      0.467      0.278
            wine glass         65        236      0.546      0.517      0.524      0.345
                   cup        257        587      0.637      0.436      0.485      0.333
                  fork         90        137      0.623      0.321      0.386      0.235
                 knife        114        261      0.405      0.134      0.187     0.0924
                 spoon        107        180      0.425      0.128      0.144     0.0922
                  bowl        183        357      0.571      0.364      0.419      0.299
                banana         56        237      0.464      0.359      0.316      0.176
                 apple         48        119      0.536      0.387      0.391      0.289
              sandwich         46         90      0.557      0.444      0.512      0.361
                orange         54        179      0.372       0.38      0.318      0.246
              broccoli         39        113      0.545      0.414      0.424       0.23
                carrot         47        203      0.468      0.296      0.304      0.172
               hot dog         32         59      0.431      0.492        0.5      0.351
                 pizza         49         82       0.59      0.622      0.602      0.456
                 donut         33        126       0.79      0.651      0.723      0.588
                  cake         59        127      0.622      0.386      0.498      0.353
                 chair        267        789      0.604      0.399       0.45      0.284
                 couch         90        115      0.546      0.643       0.63      0.421
          potted plant         97        169      0.525       0.42      0.411      0.233
                   bed         48         54      0.607      0.574      0.626      0.437
          dining table        273        341      0.602      0.493      0.532      0.361
                toilet         43         52      0.749      0.689      0.707      0.561
                    tv        107        127      0.765      0.717      0.811      0.598
                laptop         80        110      0.766      0.736      0.788      0.655
                 mouse         59         68      0.757      0.676      0.742      0.595
                remote         70        118       0.53      0.271      0.274      0.149
              keyboard         61         87      0.574      0.644      0.706      0.567
            cell phone         86        130      0.485      0.231      0.266      0.202
             microwave         68         76      0.812      0.682      0.773      0.548
                  oven         94        111      0.579      0.532      0.567       0.39
               toaster         25         25      0.774      0.412      0.531      0.416
                  sink        138        169      0.668      0.491      0.514      0.313
          refrigerator         84         86      0.737      0.733      0.756        0.6
                  book        128        627      0.423      0.155      0.196     0.0951
                 clock         69         81      0.692      0.494       0.56      0.396
                  vase         76        128      0.538      0.328      0.333      0.227
              scissors         31         45      0.448     0.0889     0.0998     0.0792
            teddy bear         34         92      0.552      0.554      0.585       0.38
            hair drier         22         24      0.294     0.0539     0.0664     0.0428
            toothbrush         32         66        0.4      0.182      0.164     0.0904
Speed: 0.1ms preprocess, 0.8ms inference, 0.0ms loss, 0.7ms postprocess per image
Results saved to [1mruns/detect/train6[0m
💡 Learn more at https://docs.ultralytics.com/modes/train
[34m[1mVS Code:[0m view Ultralytics VS Code Extension ⚡ at https://docs.ultralytics.com/integrations/vscode
